2021-05-11 17:00:28,401:DEBUG:Add: 20 + 10 = 30
2021-05-11 17:00:28,403:DEBUG:Sub: 20 - 10 = 10
2021-05-11 17:00:28,403:DEBUG:Mul: 20 * 10 = 200
2021-05-11 17:00:28,404:DEBUG:Div: 20 / 10 = 2.0
2021-05-11 17:01:30,279:DEBUG:Add: 20 + 10 = 30
2021-05-11 17:01:30,280:ERROR:Sub: 20 - 10 = 10
2021-05-11 17:01:30,280:WARNING:Mul: 20 * 10 = 200
2021-05-11 17:01:30,280:DEBUG:Div: 20 / 10 = 2.0
2021-05-11 18:02:54,842:DEBUG:Add: 20 + 10 = 30
2021-05-11 18:02:54,842:ERROR:Sub: 20 - 10 = 10
2021-05-11 18:02:54,842:WARNING:Mul: 20 * 10 = 200
2021-05-11 18:02:54,842:DEBUG:Div: 20 / 10 = 2.0
